// Jest Snapshot v1, https://goo.gl/fbAQLP

exports[`Map renders correctly 1`] = `
<div
  style={
    Object {
      "height": 600,
      "width": "100%",
    }
  }
/>
`;
